<html>
<body>
<pre>
<h1>µVision Build Log</h1>
<h2>Tool Versions:</h2>
IDE-Version: ¦ÌVision V5.24.2.0
Copyright (C) 2017 ARM Ltd and ARM Germany GmbH. All rights reserved.
License Information: du kunpeng, jojo, LIC=65ISZ-JU89S-PCUJ8-3MJFR-VPY1V-5PZ1A
 
Tool Versions:
Toolchain:       MDK-ARM Plus  Version: 5.24.1
Toolchain Path:  C:\Keil_v5\ARM\ARMCC\Bin
C Compiler:      Armcc.exe V5.06 update 5 (build 528)
Assembler:       Armasm.exe V5.06 update 5 (build 528)
Linker/Locator:  ArmLink.exe V5.06 update 5 (build 528)
Library Manager: ArmAr.exe V5.06 update 5 (build 528)
Hex Converter:   FromElf.exe V5.06 update 5 (build 528)
CPU DLL:         SARMCM3.DLL V5.24.1
Dialog DLL:      DCM.DLL V1.16.0.0
Target DLL:      STLink\ST-LINKIII-KEIL_SWO.dll V3.0.1.0
Dialog DLL:      TCM.DLL V1.32.0.0
 
<h2>Project:</h2>
D:\cubeMx\cubemx project\H743_dual_ADC_synchronous_sample\MDK-ARM\H743_dual_ADC_synchronous_sample.uvprojx
Project File Date:  05/29/2025

<h2>Output:</h2>
*** Using Compiler 'V5.06 update 5 (build 528)', folder: 'C:\Keil_v5\ARM\ARMCC\Bin'
Build target 'H743_dual_ADC_synchronous_sample'
assembling startup_stm32h743xx.s...
compiling tim.c...
compiling stm32h7xx_hal_gpio.c...
compiling stm32h7xx_hal_msp.c...
compiling adc.c...
compiling stm32h7xx_hal_flash_ex.c...
compiling usart.c...
compiling gpio.c...
compiling dma.c...
compiling stm32h7xx_it.c...
compiling stm32h7xx_hal_flash.c...
compiling main.c...
compiling stm32h7xx_hal_adc_ex.c...
compiling stm32h7xx_hal_rcc.c...
compiling stm32h7xx_hal_adc.c...
compiling stm32h7xx_hal_rcc_ex.c...
compiling stm32h7xx_hal_mdma.c...
compiling stm32h7xx_hal_hsem.c...
compiling stm32h7xx_hal_uart.c...
compiling stm32h7xx_hal_dma_ex.c...
compiling stm32h7xx_hal_uart_ex.c...
compiling stm32h7xx_hal.c...
compiling stm32h7xx_hal_cortex.c...
compiling stm32h7xx_hal_pwr.c...
compiling stm32h7xx_hal_tim_ex.c...
compiling stm32h7xx_hal_i2c_ex.c...
compiling stm32h7xx_hal_exti.c...
compiling stm32h7xx_hal_pwr_ex.c...
compiling stm32h7xx_hal_i2c.c...
compiling Phase.c...
..\Custom\src\Phase.c(151): warning:  #1035-D: single-precision operand implicitly converted to double-precision
        ADC_1_Real_Value[i] = ((float32_t)adc1 - 32768.0f) * 
eference_Voltage / 65536.0f;
..\Custom\src\Phase.c(152): warning:  #1035-D: single-precision operand implicitly converted to double-precision
        ADC_2_Real_Value[i] = ((float32_t)adc2 - 32768.0f) * 
eference_Voltage / 65536.0f;
..\Custom\src\Phase.c: 2 warnings, 0 errors
compiling stm32h7xx_hal_tim.c...
compiling system_stm32h7xx.c...
compiling stm32h7xx_hal_dma.c...
linking...
Program Size: Code=31144 RO-data=12568 RW-data=32 ZI-data=30512  
FromELF: creating hex file...
"H743_dual_ADC_synchronous_sample\H743_dual_ADC_synchronous_sample.axf" - 0 Error(s), 2 Warning(s).

<h2>Software Packages used:</h2>

Package Vendor: ARM
                http://www.keil.com/pack/ARM.CMSIS.5.0.1.pack
                ARM.CMSIS.5.0.1
                CMSIS (Cortex Microcontroller Software Interface Standard)
   * Component: DSP Version: 1.5.1
   * Component: CORE Version: 5.0.1

Package Vendor: Keil
                http://www.keil.com/pack/Keil.STM32H7xx_DFP.3.0.0.pack
                Keil.STM32H7xx_DFP.3.0.0
                STMicroelectronics STM32H7 Series Device Support and Examples

<h2>Collection of Component include folders:</h2>
  .\RTE\_H743_dual_ADC_synchronous_sample
  C:\Keil_v5\ARM\PACK\ARM\CMSIS\5.0.1\CMSIS\Include
  C:\Keil_v5\ARM\PACK\Keil\STM32H7xx_DFP\3.0.0\Drivers\CMSIS\Device\ST\STM32H7xx\Include

<h2>Collection of Component Files used:</h2>

   * Component: ARM::CMSIS:DSP:1.5.1
      Library file:  CMSIS\Lib\ARM\arm_cortexM7lfdp_math.lib
      Include file:  CMSIS\Include\arm_math.h

   * Component: ARM::CMSIS:CORE:5.0.1
Build Time Elapsed:  00:00:58
</pre>
</body>
</html>
